{"builder":{"builderType":"pyramidize","builder":{"builderType":"uri","providerClassName":"qupath.lib.images.servers.bioformats.BioFormatsServerBuilder","uri":"file:/projects/lim_lab/tlo/dev/anthracosis-quant/0.1.1/test-2/JP2K-33003-1.svs","args":["--series","0"],"metadata":{"name":"JP2K-33003-1.svs","width":15374,"height":17497,"sizeZ":1,"sizeT":1,"channelType":"DEFAULT","isRGB":true,"pixelType":"UINT8","levels":[{"downsample":1.0,"width":15374,"height":17497},{"downsample":4.0,"width":3843,"height":4374},{"downsample":8.0,"width":1921,"height":2187},{"downsample":22.79632055205242,"width":674,"height":768}],"channels":[{"name":"Red","color":-65536},{"name":"Green","color":-16711936},{"name":"Blue","color":-16776961}],"pixelCalibration":{"pixelWidth":{"value":0.2498,"unit":"µm"},"pixelHeight":{"value":0.2498,"unit":"µm"},"zSpacing":{"value":1.0,"unit":"z-slice"},"timeUnit":"SECONDS","timepoints":[]},"magnification":40.0,"preferredTileWidth":256,"preferredTileHeight":256}},"metadata":{"name":"JP2K-33003-1.svs","width":15374,"height":17497,"sizeZ":1,"sizeT":1,"channelType":"DEFAULT","isRGB":true,"pixelType":"UINT8","levels":[{"downsample":1.0,"width":15374,"height":17497},{"downsample":4.0,"width":3843,"height":4374},{"downsample":16.0,"width":960,"height":1093},{"downsample":64.0,"width":240,"height":273}],"channels":[{"name":"Red","color":-65536},{"name":"Green","color":-16711936},{"name":"Blue","color":-16776961}],"pixelCalibration":{"pixelWidth":{"value":0.2498,"unit":"µm"},"pixelHeight":{"value":0.2498,"unit":"µm"},"zSpacing":{"value":1.0,"unit":"z-slice"},"timeUnit":"SECONDS","timepoints":[]},"magnification":40.0,"preferredTileWidth":256,"preferredTileHeight":256}},"metadata":{"name":"JP2K-33003-1.svs","width":15374,"height":17497,"sizeZ":1,"sizeT":1,"channelType":"DEFAULT","isRGB":true,"pixelType":"UINT8","levels":[{"downsample":1.0,"width":15374,"height":17497},{"downsample":4.0,"width":3843,"height":4374},{"downsample":16.0,"width":960,"height":1093},{"downsample":64.0,"width":240,"height":273}],"channels":[{"name":"Red","color":-65536},{"name":"Green","color":-16711936},{"name":"Blue","color":-16776961}],"pixelCalibration":{"pixelWidth":{"value":0.2498,"unit":"µm"},"pixelHeight":{"value":0.2498,"unit":"µm"},"zSpacing":{"value":1.0,"unit":"z-slice"},"timeUnit":"SECONDS","timepoints":[]},"magnification":40.0,"preferredTileWidth":256,"preferredTileHeight":256}}