{"timestamp":1748948516708,"imageType":"BRIGHTFIELD_H_E","server":{"width":15374,"height":17497,"sizeC":3,"sizeZ":1,"sizeT":1},"hierarchy":{"nObjects":5,"objectTypeCounts":{"Root objects":1,"Annotations":4},"annotationClassificationCounts":{"Positive":2,"Tumor":1,"BoundingPolygon":1},"detectionClassificationCounts":{}}}