file_path	x_coords	y_coords
JP2K-33003-1.svs	15372,14083,13299,10576,3098,120,16,64,2450,3675,8327,8439,10681,11681,12298,14948,15372	11545,16926,17430,17446,17182,7798,6997,6461,4131,3474,1785,1745,1000,928,1072,1801,2858
